------------------------------------------------------------
Timing Analyzer Summary
------------------------------------------------------------

Type  : Slow 1200mV 85C Model Setup 'Prescaler:G1|\incReg:reg[0]'
Slack : -1.759
TNS   : -36.350

Type  : Slow 1200mV 85C Model Setup 'MAX10_CLK1_50'
Slack : -0.692
TNS   : -0.692

Type  : Slow 1200mV 85C Model Hold 'Prescaler:G1|\incReg:reg[0]'
Slack : 0.390
TNS   : 0.000

Type  : Slow 1200mV 85C Model Hold 'MAX10_CLK1_50'
Slack : 0.598
TNS   : 0.000

Type  : Slow 1200mV 85C Model Minimum Pulse Width 'MAX10_CLK1_50'
Slack : -3.000
TNS   : -4.222

Type  : Slow 1200mV 85C Model Minimum Pulse Width 'Prescaler:G1|\incReg:reg[0]'
Slack : -1.222
TNS   : -36.660

Type  : Slow 1200mV 0C Model Setup 'Prescaler:G1|\incReg:reg[0]'
Slack : -1.512
TNS   : -30.400

Type  : Slow 1200mV 0C Model Setup 'MAX10_CLK1_50'
Slack : -0.509
TNS   : -0.509

Type  : Slow 1200mV 0C Model Hold 'Prescaler:G1|\incReg:reg[0]'
Slack : 0.358
TNS   : 0.000

Type  : Slow 1200mV 0C Model Hold 'MAX10_CLK1_50'
Slack : 0.472
TNS   : 0.000

Type  : Slow 1200mV 0C Model Minimum Pulse Width 'MAX10_CLK1_50'
Slack : -3.000
TNS   : -4.222

Type  : Slow 1200mV 0C Model Minimum Pulse Width 'Prescaler:G1|\incReg:reg[0]'
Slack : -1.222
TNS   : -36.660

Type  : Fast 1200mV 0C Model Setup 'Prescaler:G1|\incReg:reg[0]'
Slack : -0.330
TNS   : -4.039

Type  : Fast 1200mV 0C Model Setup 'MAX10_CLK1_50'
Slack : -0.229
TNS   : -0.229

Type  : Fast 1200mV 0C Model Hold 'Prescaler:G1|\incReg:reg[0]'
Slack : 0.172
TNS   : 0.000

Type  : Fast 1200mV 0C Model Hold 'MAX10_CLK1_50'
Slack : 0.423
TNS   : 0.000

Type  : Fast 1200mV 0C Model Minimum Pulse Width 'MAX10_CLK1_50'
Slack : -3.000
TNS   : -4.207

Type  : Fast 1200mV 0C Model Minimum Pulse Width 'Prescaler:G1|\incReg:reg[0]'
Slack : -1.000
TNS   : -30.000

------------------------------------------------------------
