------------------------------------------------------------
Timing Analyzer Summary
------------------------------------------------------------

Type  : Slow 1200mV 85C Model Setup 'Prescaler:pres|count[0]'
Slack : -1.841
TNS   : -56.673

Type  : Slow 1200mV 85C Model Setup 'MAX10_CLK1_50'
Slack : -0.662
TNS   : -0.662

Type  : Slow 1200mV 85C Model Hold 'Prescaler:pres|count[0]'
Slack : 0.350
TNS   : 0.000

Type  : Slow 1200mV 85C Model Hold 'MAX10_CLK1_50'
Slack : 0.535
TNS   : 0.000

Type  : Slow 1200mV 85C Model Minimum Pulse Width 'MAX10_CLK1_50'
Slack : -3.000
TNS   : -4.222

Type  : Slow 1200mV 85C Model Minimum Pulse Width 'Prescaler:pres|count[0]'
Slack : -1.222
TNS   : -51.324

Type  : Slow 1200mV 0C Model Setup 'Prescaler:pres|count[0]'
Slack : -1.619
TNS   : -48.707

Type  : Slow 1200mV 0C Model Setup 'MAX10_CLK1_50'
Slack : -0.529
TNS   : -0.529

Type  : Slow 1200mV 0C Model Hold 'Prescaler:pres|count[0]'
Slack : 0.326
TNS   : 0.000

Type  : Slow 1200mV 0C Model Hold 'MAX10_CLK1_50'
Slack : 0.455
TNS   : 0.000

Type  : Slow 1200mV 0C Model Minimum Pulse Width 'MAX10_CLK1_50'
Slack : -3.000
TNS   : -4.222

Type  : Slow 1200mV 0C Model Minimum Pulse Width 'Prescaler:pres|count[0]'
Slack : -1.222
TNS   : -51.324

Type  : Fast 1200mV 0C Model Setup 'Prescaler:pres|count[0]'
Slack : -0.322
TNS   : -5.584

Type  : Fast 1200mV 0C Model Setup 'MAX10_CLK1_50'
Slack : -0.104
TNS   : -0.104

Type  : Fast 1200mV 0C Model Hold 'Prescaler:pres|count[0]'
Slack : 0.159
TNS   : 0.000

Type  : Fast 1200mV 0C Model Hold 'MAX10_CLK1_50'
Slack : 0.275
TNS   : 0.000

Type  : Fast 1200mV 0C Model Minimum Pulse Width 'MAX10_CLK1_50'
Slack : -3.000
TNS   : -4.146

Type  : Fast 1200mV 0C Model Minimum Pulse Width 'Prescaler:pres|count[0]'
Slack : -1.000
TNS   : -42.000

------------------------------------------------------------
